The program prints the perimeter and the square of a circle given the radius.
Enter the radius: Perimeter: 25.13, square: 50.27