The program prints the perimeter and the square of a rectangle given the rectangle sides.
Enter the length and the bredth of the rectangle: Perimeter: 16.00, square: 15.00