The program prints the perimeter and the square of a rectangle given the rectangle sides.
Enter the length and the bredth of the rectangle: Perimeter: 6.00, square: 0.00